// Jest Snapshot v1, https://goo.gl/fbAQLP

exports[`PhotosContext Should properly update photos after fetching 1`] = `
Array [
  Array [],
  Object {
    "albumId": 1,
    "id": 1,
    "thumbnailUrl": "https://via.placeholder.com/150/92c952",
    "title": "accusamus beatae ad facilis cum similique qui sunt",
    "url": "https://via.placeholder.com/600/92c952",
  },
  Object {
    "albumId": 1,
    "id": 2,
    "thumbnailUrl": "https://via.placeholder.com/150/771796",
    "title": "reprehenderit est deserunt velit ipsam",
    "url": "https://via.placeholder.com/600/771796",
  },
  Object {
    "albumId": 1,
    "id": 3,
    "thumbnailUrl": "https://via.placeholder.com/150/24f355",
    "title": "officia porro iure quia iusto qui ipsa ut modi",
    "url": "https://via.placeholder.com/600/24f355",
  },
  Object {
    "albumId": 1,
    "id": 4,
    "thumbnailUrl": "https://via.placeholder.com/150/d32776",
    "title": "culpa odio esse rerum omnis laboriosam voluptate repudiandae",
    "url": "https://via.placeholder.com/600/d32776",
  },
  Object {
    "albumId": 1,
    "id": 5,
    "thumbnailUrl": "https://via.placeholder.com/150/f66b97",
    "title": "natus nisi omnis corporis facere molestiae rerum in",
    "url": "https://via.placeholder.com/600/f66b97",
  },
  Object {
    "albumId": 1,
    "id": 6,
    "thumbnailUrl": "https://via.placeholder.com/150/56a8c2",
    "title": "accusamus ea aliquid et amet sequi nemo",
    "url": "https://via.placeholder.com/600/56a8c2",
  },
  Object {
    "albumId": 1,
    "id": 7,
    "thumbnailUrl": "https://via.placeholder.com/150/b0f7cc",
    "title": "officia delectus consequatur vero aut veniam explicabo molestias",
    "url": "https://via.placeholder.com/600/b0f7cc",
  },
]
`;
